{
    "sid": "GordonFreeman", 
    "status": "ok"
}
{
    "sid": "headcrabarrgh", 
    "status": "ok"
}
{
    "status": "ok"
}
{
    "status": "ok"
}
{
    "status": "ok"
}
{
    "status": "ok"
}
{
    "status": "ok"
}
{
    "status": "ok"
}
{
    "message": "User is not playing game", 
    "status": "badGame"
}
{
    "status": "ok"
}
{
    "status": "ok"
}
{
    "status": "ok"
}
{
    "message": "You can't request game status before everyone place their units", 
    "status": "badTurn"
}
{
    "message": "Bad objects in units", 
    "status": "badCommand"
}
{
    "message": "No more such units in army", 
    "status": "badUnit"
}