{
    "sid": "GordonFreeman", 
    "status": "ok"
}
{
    "sid": "BarneyColhoun", 
    "status": "ok"
}
{
    "status": "ok"
}
{
    "status": "ok"
}
{
    "status": "ok"
}
{
    "status": "ok"
}
{
    "status": "ok"
}
{
    "status": "ok"
}
{
    "status": "ok"
}
{
    "status": "ok"
}
{
    "message": "Field 'turn' must have type 'int'", 
    "status": "badCommand"
}
{
    "message": "User is not playing game", 
    "status": "badGame"
}
{
    "status": "ok"
}
{
    "status": "ok"
}
{
    "status": "ok"
}
{
    "message": "Not actual turn number", 
    "status": "badTurn"
}
{
    "status": "ok"
}
{
    "message": "No such units in army", 
    "status": "badUnit"
}
{
    "message": "No unit in that cell", 
    "status": "breakRules"
}
{
    "message": "Bad objects in units", 
    "status": "badCommand"
}