{
    "sid": "GordonFreeman", 
    "status": "ok"
}
{
    "sid": "BarneyColhoun", 
    "status": "ok"
}
{
    "status": "ok"
}
{
    "status": "ok"
}
{
    "status": "ok"
}
{
    "status": "ok"
}
{
    "status": "ok"
}
{
    "status": "ok"
}
{
    "status": "ok"
}
{
    "status": "ok"
}
{
    "status": "ok"
}
{
    "status": "ok"
}
{
    "status": "ok"
}
{
    "status": "ok"
}
{
    "players": {
        "Barney": {
            "units": [
                {
                    "HP": 1, 
                    "X": 2, 
                    "Y": 2, 
                    "name": "brown"
                }
            ]
        }, 
        "Gordon": {
            "units": [
                {
                    "HP": 1, 
                    "X": 0, 
                    "Y": 0, 
                    "name": "white"
                }
            ]
        }
    }, 
    "status": "ok", 
    "turnNumber": 1
}
{
    "status": "ok"
}
{
    "status": "ok"
}
{
    "players": {
        "Barney": {
            "units": [
                {
                    "HP": 1, 
                    "X": 1, 
                    "Y": 2, 
                    "name": "brown"
                }
            ]
        }, 
        "Gordon": {
            "units": [
                {
                    "HP": 1, 
                    "X": 1, 
                    "Y": 0, 
                    "name": "white"
                }
            ]
        }
    }, 
    "status": "ok", 
    "turnNumber": 2
}
{
    "status": "ok"
}
{
    "message": "Can't attack dummy target", 
    "status": "breakRules"
}
{
    "status": "ok"
}
{
    "players": {}, 
    "status": "ok", 
    "turnNumber": 3
}
{
    "message": "Game is finished", 
    "status": "badGame"
}
