{
    "sid": "GordonFreeman", 
    "status": "ok"
}
{
    "sid": "BarneyColhoun", 
    "status": "ok"
}
{
    "status": "ok"
}
{
    "status": "ok"
}
{
    "status": "ok"
}
{
    "status": "ok"
}
{
    "status": "ok"
}
{
    "status": "ok"
}
{
    "status": "ok"
}
{
    "status": "ok"
}
{
    "status": "ok"
}
{
    "status": "ok"
}
{
    "status": "ok"
}
{
    "status": "ok"
}
{
    "status": "ok"
}
{
    "status": "ok"
}
{
    "status": "ok"
}
{
    "status": "ok"
}
{
    "status": "ok"
}
{
    "status": "ok"
}
{
    "players": {
        "Barney": {
            "player_number": 2, 
            "units": [
                {
                    "HP": 1, 
                    "X": 0, 
                    "Y": 3, 
                    "name": "white"
                }, 
                {
                    "HP": 1, 
                    "X": 1, 
                    "Y": 3, 
                    "name": "white"
                }
            ]
        }, 
        "Gordon": {
            "player_number": 1, 
            "units": [
                {
                    "HP": 1, 
                    "X": 0, 
                    "Y": 2, 
                    "name": "brown"
                }, 
                {
                    "HP": 1, 
                    "X": 1, 
                    "Y": 2, 
                    "name": "white"
                }, 
                {
                    "HP": 1, 
                    "X": 0, 
                    "Y": 1, 
                    "name": "brown"
                }
            ]
        }
    }, 
    "players_count": 2, 
    "status": "ok", 
    "turnNumber": 4
}
{
    "status": "ok"
}
{
    "status": "ok"
}
{
    "players": {
        "Barney": {
            "player_number": 2, 
            "units": [
                {
                    "HP": 1, 
                    "X": 0, 
                    "Y": 3, 
                    "name": "white"
                }
            ]
        }, 
        "Gordon": {
            "player_number": 1, 
            "units": [
                {
                    "HP": 1, 
                    "X": 1, 
                    "Y": 2, 
                    "name": "white"
                }, 
                {
                    "HP": 1, 
                    "X": 0, 
                    "Y": 2, 
                    "name": "brown"
                }, 
                {
                    "HP": 1, 
                    "X": 0, 
                    "Y": 1, 
                    "name": "brown"
                }
            ]
        }
    }, 
    "players_count": 2, 
    "status": "ok", 
    "turnNumber": 5
}
