{
    "sid": "GordonFreeman", 
    "status": "ok"
}
{
    "sid": "BarneyColhoun", 
    "status": "ok"
}
{
    "status": "ok"
}
{
    "status": "ok"
}
{
    "status": "ok"
}
{
    "status": "ok"
}
{
    "status": "ok"
}
{
    "status": "ok"
}
{
    "status": "ok"
}
{
    "status": "ok"
}
{
    "status": "ok"
}
{
    "status": "ok"
}
{
    "status": "ok"
}
{
    "status": "ok"
}
{
    "players": {
        "Barney": {
            "player_number": 2, 
            "units": [
                {
                    "HP": 5, 
                    "X": 2, 
                    "Y": 4, 
                    "name": "regular"
                }, 
                {
                    "HP": 6, 
                    "X": 1, 
                    "Y": 4, 
                    "name": "poisoned"
                }, 
                {
                    "HP": 6, 
                    "X": 3, 
                    "Y": 4, 
                    "name": "poisoned"
                }
            ]
        }, 
        "Gordon": {
            "player_number": 1, 
            "units": [
                {
                    "HP": 5, 
                    "X": 1, 
                    "Y": 0, 
                    "name": "regular"
                }, 
                {
                    "HP": 5, 
                    "X": 2, 
                    "Y": 0, 
                    "name": "regular"
                }, 
                {
                    "HP": 5, 
                    "X": 3, 
                    "Y": 0, 
                    "name": "regular"
                }, 
                {
                    "HP": 4, 
                    "X": 0, 
                    "Y": 0, 
                    "name": "speedy"
                }, 
                {
                    "HP": 4, 
                    "X": 4, 
                    "Y": 0, 
                    "name": "speedy"
                }
            ]
        }
    }, 
    "players_count": 2, 
    "status": "ok", 
    "turnNumber": 1
}
{
    "status": "ok"
}
{
    "status": "ok"
}
{
    "players": {
        "Barney": {
            "player_number": 2, 
            "units": [
                {
                    "HP": 6, 
                    "X": 1, 
                    "Y": 3, 
                    "name": "poisoned"
                }, 
                {
                    "HP": 6, 
                    "X": 3, 
                    "Y": 3, 
                    "name": "poisoned"
                }, 
                {
                    "HP": 5, 
                    "X": 2, 
                    "Y": 4, 
                    "name": "regular"
                }
            ]
        }, 
        "Gordon": {
            "player_number": 1, 
            "units": [
                {
                    "HP": 5, 
                    "X": 1, 
                    "Y": 1, 
                    "name": "regular"
                }, 
                {
                    "HP": 5, 
                    "X": 3, 
                    "Y": 1, 
                    "name": "regular"
                }, 
                {
                    "HP": 4, 
                    "X": 0, 
                    "Y": 0, 
                    "name": "speedy"
                }, 
                {
                    "HP": 4, 
                    "X": 4, 
                    "Y": 0, 
                    "name": "speedy"
                }, 
                {
                    "HP": 5, 
                    "X": 2, 
                    "Y": 0, 
                    "name": "regular"
                }
            ]
        }
    }, 
    "players_count": 2, 
    "status": "ok", 
    "turnNumber": 2
}
{
    "status": "ok"
}
{
    "status": "ok"
}
{
    "players": {
        "Barney": {
            "player_number": 2, 
            "units": [
                {
                    "HP": 6, 
                    "X": 3, 
                    "Y": 3, 
                    "name": "poisoned"
                }, 
                {
                    "HP": 5, 
                    "X": 2, 
                    "Y": 4, 
                    "name": "regular"
                }, 
                {
                    "HP": 6, 
                    "X": 1, 
                    "Y": 3, 
                    "name": "poisoned"
                }
            ]
        }, 
        "Gordon": {
            "player_number": 1, 
            "units": [
                {
                    "HP": 5, 
                    "X": 1, 
                    "Y": 1, 
                    "name": "regular"
                }, 
                {
                    "HP": 5, 
                    "X": 2, 
                    "Y": 0, 
                    "name": "regular"
                }, 
                {
                    "HP": 5, 
                    "X": 3, 
                    "Y": 1, 
                    "name": "regular"
                }
            ]
        }
    }, 
    "players_count": 2, 
    "status": "ok", 
    "turnNumber": 3
}
{
    "status": "ok"
}
{
    "status": "ok"
}
{
    "players": {
        "Barney": {
            "player_number": 2, 
            "units": [
                {
                    "HP": 5, 
                    "X": 2, 
                    "Y": 4, 
                    "name": "regular"
                }, 
                {
                    "HP": 6, 
                    "X": 1, 
                    "Y": 3, 
                    "name": "poisoned"
                }, 
                {
                    "HP": 6, 
                    "X": 3, 
                    "Y": 3, 
                    "name": "poisoned"
                }
            ]
        }, 
        "Gordon": {
            "player_number": 1, 
            "units": [
                {
                    "HP": 5, 
                    "X": 1, 
                    "Y": 1, 
                    "name": "regular"
                }
            ]
        }
    }, 
    "players_count": 2, 
    "status": "ok", 
    "turnNumber": 4
}
