{
    "sid": "GordonFreeman", 
    "status": "ok"
}
{
    "sid": "BarneyColhoun", 
    "status": "ok"
}
{
    "status": "ok"
}
{
    "status": "ok"
}
{
    "status": "ok"
}
{
    "status": "ok"
}
{
    "status": "ok"
}
{
    "status": "ok"
}
{
    "status": "ok"
}
{
    "status": "ok"
}
{
    "status": "ok"
}
{
    "status": "ok"
}
{
    "status": "ok"
}
{
    "status": "ok"
}
{
    "status": "ok"
}
{
    "status": "ok"
}
{
    "message": "Game is finished", 
    "status": "badGame"
}
{
    "message": "Game is finished", 
    "status": "badGame"
}
{
    "players": {}, 
    "status": "ok", 
    "turnNumber": 2
}
