{
    "sid": "GordonFreeman", 
    "status": "ok"
}
{
    "sid": "BarneyColhoun", 
    "status": "ok"
}
{
    "status": "ok"
}
{
    "status": "ok"
}
{
    "status": "ok"
}
{
    "status": "ok"
}
{
    "status": "ok"
}
{
    "status": "ok"
}
{
    "status": "ok"
}
{
    "status": "ok"
}
{
    "status": "ok"
}
{
    "status": "ok"
}
{
    "status": "ok"
}
{
    "status": "ok"
}
{
    "status": "ok"
}
{
    "status": "ok"
}
{
    "message": "No started game with that name", 
    "status": "badGame"
}
{
    "message": "No started game with that name", 
    "status": "badGame"
}
{
    "message": "No unfinished game with that name", 
    "status": "badGame"
}
