{
    "sid": "GordonFreeman",
    "status": "ok"
}
{
    "sid": "headcrabarrgh",
    "status": "ok"
}
{
    "status": "ok"
}
{
    "status": "ok"
}
{
    "status": "ok"
}
{
    "status": "ok"
}
{
    "players": [
        {
            "username": [
                "Gordon"
            ]
        },
        {
            "username": [
                "headcrab"
            ]
        }
    ],
    "status": "ok"
}
{
    "players": [
        {
            "status": "in_lobby",
            "username": "Gordon"
        },
        {
            "status": "in_lobby",
            "username": "headcrab"
        }
    ],
    "status": "ok"
}
