{
    "sid": "testtest",
    "status": "ok"
}
{
    "sid": "firstsecond",
    "status": "ok"
}
{
    "status": "ok"
}
{
    "status": "ok"
}
{
    "status": "ok"
}
{
    "games": [
        {
            "connectedPlayersCount": 1,
            "factionName": "People",
            "gameName": "chess",
            "gameStatus": "not_started",
            "mapName": "de_dust",
            "playersCount": 2,
            "totalCost": 300
        }
    ],
    "status": "ok"
}
{
    "status": "ok"
}
{
    "status": "ok"
}