{
    "sid": "GordonFreeman", 
    "status": "ok"
}
{
    "status": "ok"
}
{
    "status": "ok"
}
{
    "armies": [
        {
            "cost": 8, 
            "faction": "People", 
            "name": "People"
        }
    ], 
    "status": "ok"
}
{
    "factionName": "People", 
    "status": "ok", 
    "units": [
        {
            "count": 5, 
            "name": "first"
        }, 
        {
            "count": 3, 
            "name": "second"
        }
    ]
}
