{
    "sid": "GordonFreeman", 
    "status": "ok"
}
{
    "status": "ok"
}
{
    "status": "ok"
}
{
    "status": "ok", 
    "units": [
        {
            "count": 3, 
            "name": "second"
        }, 
        {
            "count": 5, 
            "name": "first"
        }
    ]
}
{
    "status": "ok"
}
{
    "status": "ok"
}
{
    "status": "ok"
}
{
    "status": "ok"
}
{
    "status": "ok"
}
