{
    "sid": "GordonFreeman", 
    "status": "ok"
}
{
    "status": "ok"
}
{
    "status": "ok"
}
{
    "status": "ok", 
    "unitList": [
        {
            "HP": 1, 
            "MP": 1, 
            "attack": 1, 
            "cost": 1, 
            "damage": 1, 
            "defence": 1, 
            "initiative": 1, 
            "name": "first", 
            "protection": 1, 
            "range": 1
        }
    ]
}
{
    "factions": [
        {
            "faction": [
                "People"
            ]
        }, 
        {
            "faction": [
                "Demons"
            ]
        }
    ], 
    "status": "ok"
}
{
    "status": "ok"
}
{
    "status": "ok"
}
