{
    "sid": "GordonFreeman",
    "status": "ok"
}
{
    "status": "ok"
}
{
    "status": "ok",
    "unitList": [
        {
            "HP": 1,
            "MP": 1,
            "attack": 1,
            "cost": 1,
            "damage": 1,
            "defence": 1,
            "name": "first",
            "range": 1
        },
        {
            "HP": 2,
            "MP": 2,
            "attack": 2,
            "cost": 2,
            "damage": 2,
            "defence": 2,
            "name": "second",
            "range": 2
        },
        {
            "HP": 3,
            "MP": 3,
            "attack": 3,
            "cost": 3,
            "damage": 3,
            "defence": 3,
            "name": "third",
            "range": 3
        }
    ]
}
{
    "status": "ok"
}