{
    "sid": "GordonFreeman", 
    "status": "ok"
}
{
    "sid": "headcrabarrgh", 
    "status": "ok"
}
{
    "status": "ok"
}
{
    "status": "ok"
}
{
    "status": "ok"
}
{
    "status": "ok"
}
{
    "status": "ok"
}
{
    "status": "ok"
}
{
    "status": "ok"
}
{
    "status": "ok"
}
{
    "status": "ok"
}
{
    "message": "User is not in lobby", 
    "status": "badUser"
}