{
    "sid": "GordonFreeman", 
    "status": "ok"
}
{
    "status": "ok"
}
{
    "status": "ok"
}
{
    "status": "ok"
}
{
    "message": "User is not in lobby", 
    "status": "badUser"
}
{
    "status": "ok"
}
{
    "status": "ok"
}
{
    "message": "Unknown player status", 
    "status": "badPlayerStatus"
}